// Jest Snapshot v1, https://goo.gl/fbAQLP

exports[`InfoBox should render correctly with given props 1`] = `ShallowWrapper {}`;

exports[`InfoBox should render correctly with no props 1`] = `ShallowWrapper {}`;
