// Jest Snapshot v1, https://goo.gl/fbAQLP

exports[` 1`] = `ShallowWrapper {}`;

exports[`Rendring App component should render with given state from Redux store 1`] = `ShallowWrapper {}`;

exports[`Rendring the correct content LineGraph should render correctly with no props 1`] = `ShallowWrapper {}`;

exports[`Rendring the correct content renders correctly 1`] = `ShallowWrapper {}`;
