// Jest Snapshot v1, https://goo.gl/fbAQLP

exports[`CountrySelector Should render correctly 1`] = `ShallowWrapper {}`;

exports[`CountrySelector Should render correctly in "debug" mode 1`] = `ShallowWrapper {}`;
