// Jest Snapshot v1, https://goo.gl/fbAQLP

exports[`Header should render correctly in "debug" mode 1`] = `ShallowWrapper {}`;

exports[`Header testing Header should render correctly 1`] = `ShallowWrapper {}`;
