// Jest Snapshot v1, https://goo.gl/fbAQLP

exports[`Rendring Vaccination page Vaccinations page should render correctly with no props 1`] = `ShallowWrapper {}`;

exports[`Rendring Vaccination page should render with given state from Redux store 1`] = `ShallowWrapper {}`;
